--------------------------------------------------------------------------------
Release 14.7 Trace  (nt)
Copyright (c) 1995-2013 Xilinx, Inc.  All rights reserved.

C:\Xilinx\14.7\ISE_DS\ISE\bin\nt\unwrapped\trce.exe -intstyle ise -v 3 -s 3 -n
3 -fastpaths -xml lab0_top.twx lab0_top.ncd -o lab0_top.twr lab0_top.pcf -ucf
lab0.ucf

Design file:              lab0_top.ncd
Physical constraint file: lab0_top.pcf
Device,package,speed:     xc7z020,clg484,C,-3 (PRELIMINARY 1.08 2013-10-13)
Report level:             verbose report

Environment Variable      Effect 
--------------------      ------ 
NONE                      No environment variables were set
--------------------------------------------------------------------------------

INFO:Timing:2698 - No timing constraints found, doing default enumeration.
INFO:Timing:3412 - To improve timing, see the Timing Closure User Guide (UG612).
INFO:Timing:2752 - To get complete path coverage, use the unconstrained paths 
   option. All paths that are not constrained will be reported in the 
   unconstrained paths section(s) of the report.
INFO:Timing:3339 - The clock-to-out numbers in this timing report are based on 
   a 50 Ohm transmission line loading model.  For the details of this model, 
   and for more information on accounting for different loading conditions, 
   please see the device datasheet.



Data Sheet report:
-----------------
All values displayed in nanoseconds (ns)

Pad to Pad
----------------+---------------+---------+
Source Pad      |Destination Pad|  Delay  |
----------------+---------------+---------+
A<0>            |out<0>         |    7.647|
A<0>            |out<1>         |    7.355|
A<0>            |out<2>         |    7.532|
A<0>            |out<3>         |    7.681|
A<1>            |out<1>         |    7.166|
A<1>            |out<2>         |    7.864|
A<1>            |out<3>         |    7.724|
A<2>            |out<2>         |    7.691|
A<2>            |out<3>         |    7.805|
A<3>            |out<3>         |    7.104|
B<0>            |out<0>         |    7.584|
B<0>            |out<1>         |    7.468|
B<0>            |out<2>         |    7.935|
B<0>            |out<3>         |    7.911|
B<1>            |out<1>         |    7.468|
B<1>            |out<2>         |    7.535|
B<1>            |out<3>         |    7.699|
B<2>            |out<2>         |    8.613|
B<2>            |out<3>         |    8.250|
B<3>            |out<3>         |    6.993|
left_pushbutton |out<0>         |    7.707|
left_pushbutton |out<1>         |    7.777|
left_pushbutton |out<2>         |    8.154|
left_pushbutton |out<3>         |    7.823|
right_pushbutton|out<0>         |    7.402|
right_pushbutton|out<1>         |    7.293|
right_pushbutton|out<2>         |    7.637|
right_pushbutton|out<3>         |    7.310|
----------------+---------------+---------+


Analysis completed Wed Jan 16 19:31:59 2019 
--------------------------------------------------------------------------------

Trace Settings:
-------------------------
Trace Settings 

Peak Memory Usage: 381 MB



